Running local evaluation monitor; restricted score topics are read for measurement only.
/usr/local/lib/python3.10/dist-packages/numpy/core/getlimits.py:499: UserWarning: The value of the smallest subnormal for <class 'numpy.float32'> type is zero.
  setattr(self, word, getattr(machar, word).flat[0])
/usr/local/lib/python3.10/dist-packages/numpy/core/getlimits.py:89: UserWarning: The value of the smallest subnormal for <class 'numpy.float32'> type is zero.
  return self._float_to_str(self.smallest_subnormal)
[INFO] [launch]: All log files can be found below /root/.ros/log/2026-10-07-15-46-47-375560-283aa939070c-18
[INFO] [launch]: Default logging verbosity is set to INFO
[INFO] [autodrive_bridge-1]: process started with pid [59]
[autodrive_bridge-1] Connected!
{"event": "devkit_socket_connected"}
{"event": "devkit_connected", "devkit_url": "http://127.0.0.1:4567"}
{"event": "relay_listening", "host": "0.0.0.0", "port": 4568}
{"event": "simulator_connected", "sid": "3f6b0a9c3d714c95b42dd3253bbff465"}
{"event": "incomplete_startup_frame", "sid": "3f6b0a9c3d714c95b42dd3253bbff465", "missing_fields": ["V1 LIDAR Range Array"], "action": "neutral_controls"}
{"event": "first_complete_frame_forwarded", "keys": ["V1 Angular Velocity", "V1 Best Lap Time", "V1 Collisions", "V1 Encoder Angles", "V1 Encoder Ticks", "V1 Front Camera Image", "V1 LIDAR Range Array", "V1 LIDAR Scan Rate", "V1 Lap Count", "V1 Lap Time", "V1 Last Lap Time", "V1 Linear Acceleration", "V1 Linear Velocity", "V1 Orientation Euler Angles", "V1 Orientation Quaternion", "V1 Position", "V1 Steering", "V1 Throttle"]}
{"event": "upstream_emit_returned"}
{"event": "first_devkit_command_received", "keys": ["V1 Reset", "V1 Steering", "V1 Throttle"]}
attempt 1: race collision 1; penalty now 10s
attempt 1: race collision 2; penalty now 30s
attempt 1: race collision 3; penalty now 60s
attempt 1: race lap 1/10 120.788s
attempt 1: race collision 4; penalty now 100s
attempt 1: race collision 5; penalty now 150s
attempt 1: race collision 6; penalty now 210s
attempt 1: race lap 2/10 121.621s
attempt 1: race collision 7; penalty now 280s
attempt 1: race collision 8; penalty now 360s
attempt 1: race collision 9; penalty now 450s
attempt 1: race lap 3/10 121.871s
attempt 1: race collision 10; penalty now 550s
attempt 1: race collision 11; penalty now 660s
{
  "race_laps_completed": 3,
  "race_lap_times_s": [
    120.78820037841797,
    121.62079620361328,
    121.87069702148438
  ],
  "race_time_s": 364.2796936035156,
  "race_collisions": 11,
  "collision_penalty_s": 660.0,
  "adjusted_race_time_s": null,
  "disqualified": true,
  "complete": false,
  "best_lap_s": 120.78820037841797,
  "mean_lap_s": 121.4265645345052,
  "attempt": 1,
  "steps": 11628,
  "warmup_lap_times_s": [
    183.76229858398438
  ],
  "warmup_collisions": 3,
  "raw_collision_count_at_finish": 14,
  "race_collision_baseline": 3,
  "total_laps_since_start": 4,
  "stop_reason": "collision_disqualification_limit",
  "wall_duration_s": 614.7871591110015,
  "mean_control_rate_hz": 18.91386704983465,
  "median_control_interval_s": 0.05231269297655672,
  "median_reported_lidar_scan_rate_hz": 39.99999940395356,
  "action_observation_diagnostics": {
    "policy_throttle": {
      "count": 11628,
      "min": -1.0,
      "max": 0.9671112298965454,
      "mean": -0.13399801995180097,
      "std": 0.8721878841639443
    },
    "policy_steering": {
      "count": 11628,
      "min": -0.7922770380973816,
      "max": 1.0,
      "mean": 0.07427560484767573,
      "std": 0.24839165697632656
    },
    "applied_throttle": {
      "count": 11628,
      "min": 0.0,
      "max": 1.0,
      "mean": 0.4401149890467343,
      "std": 0.4436710015136429
    },
    "applied_steering": {
      "count": 11628,
      "min": -0.728894875049591,
      "max": 0.92,
      "mean": 0.06833355645986167,
      "std": 0.22852032441822046
    },
    "policy_reverse_fraction": 0.5,
    "observation_state": {
      "forward_speed": {
        "count": 11628,
        "min": 0.0,
        "max": 1.8064340353012085,
        "mean": 0.4824420446856764,
        "std": 0.47947820431346394
      },
      "sideways_speed": {
        "count": 11628,
        "min": -0.0,
        "max": -0.0,
        "mean": 0.0,
        "std": 0.0
      },
      "yaw_rate": {
        "count": 11628,
        "min": -0.1684200018644333,
        "max": 0.08281999826431274,
        "mean": -0.0024734855550980575,
        "std": 0.019787425699709166
      },
      "forward_acceleration": {
        "count": 11628,
        "min": -5.0,
        "max": 1.4369126558303833,
        "mean": 0.0868198070742075,
        "std": 0.5622144590819003
      },
      "sideways_acceleration": {
        "count": 11628,
        "min": -5.0,
        "max": 1.8572499752044678,
        "mean": 0.0062903371094720165,
        "std": 0.08829062836050096
      },
      "throttle_feedback": {
        "count": 11628,
        "min": 0.0,
        "max": 1.0,
        "mean": 0.4396202271939731,
        "std": 0.4437016018509027
      },
      "steering_feedback": {
        "count": 11628,
        "min": -0.5790680050849915,
        "max": 0.919977068901062,
        "mean": 0.07076626500239903,
        "std": 0.2195145020585134
      },
      "previous_throttle": {
        "count": 11628,
        "min": 0.0,
        "max": 1.0,
        "mean": 0.4401149888681347,
        "std": 0.44367100130396087
      },
      "previous_steering": {
        "count": 11628,
        "min": -0.7288948893547058,
        "max": 0.9200000166893005,
        "mean": 0.06828984274723596,
        "std": 0.22848477258231759
      }
    },
    "normalized_lidar_minimum": {
      "count": 11628,
      "min": 0.00857753586024046,
      "max": 0.12591278553009033,
      "mean": 0.04179040490397187,
      "std": 0.019054637958017036
    }
  },
  "action_trace": [],
  "motion_verification": {
    "source": "restricted_ips_diagnostic_only",
    "available": true,
    "elapsed_s": 614.7341508410173,
    "check_after_s": 3.0,
    "minimum_displacement_m": 0.25,
    "verified": true,
    "max_displacement_m": 19.544349018066576
  },
  "score_status": "disqualified",
  "valid_for_comparison": false
}
saved official evaluation: /tmp/official_forward_only_steer092_900s_20261007.json
{
  "completed_attempts": 0,
  "median_adjusted_race_time_s": null,
  "best_adjusted_race_time_s": null
}
